// Jest Snapshot v1, https://goo.gl/fbAQLP

exports[`InputGroup should render the InputGroup Component correctly 1`] = `ShallowWrapper {}`;
